src/actions/admin.ts(53,42): error TS2769: No overload matches this call.
  The last overload gave the following error.
    Argument of type '{ slug: string; category: string; name: string; description: string; price: number; comparePrice?: number | null; images: string[]; sku: string; sizes: string[]; colors: { name: string; hex: string; }[]; ... 5 more ...; metaDescription?: string; }' is not assignable to parameter of type '{ name?: StringQueryTypeCasting | undefined; slug?: StringQueryTypeCasting | undefined; description?: StringQueryTypeCasting | undefined; ... 71 more ...; validateSync?: { ...; } | ... 1 more ... | undefined; }'.
      Types of property 'comparePrice' are incompatible.
        Type 'number | null | undefined' is not assignable to type 'number | undefined'.
          Type 'null' is not assignable to type 'number | undefined'.
src/actions/admin.ts(61,52): error TS2339: Property '_id' does not exist on type 'never'.
src/actions/admin.ts(185,44): error TS2769: No overload matches this call.
  The last overload gave the following error.
    Argument of type '{ slug: string; name: string; description?: string; image?: string | null; parentId?: string | null; }' is not assignable to parameter of type '{ name?: StringQueryTypeCasting | undefined; slug?: StringQueryTypeCasting | undefined; description?: StringQueryTypeCasting | undefined; ... 60 more ...; validateSync?: { ...; } | ... 1 more ... | undefined; }'.
      Types of property 'image' are incompatible.
        Type 'string | null | undefined' is not assignable to type 'StringQueryTypeCasting | undefined'.
          Type 'null' is not assignable to type 'StringQueryTypeCasting | undefined'.
src/actions/admin.ts(191,54): error TS2339: Property '_id' does not exist on type 'never'.
src/actions/admin.ts(317,40): error TS2769: No overload matches this call.
  The last overload gave the following error.
    Argument of type '{ code: string; description?: string; type: "PERCENTAGE" | "FIXED"; value: number; minPurchase?: number | null; maxDiscount?: number | null; usageLimit?: number | null; perUserLimit?: number; validFrom: Date; validTo: Date; active?: boolean; }' is not assignable to parameter of type '{ code?: StringQueryTypeCasting | undefined; description?: StringQueryTypeCasting | undefined; type?: StringQueryTypeCasting | undefined; ... 67 more ...; validateSync?: { ...; } | ... 1 more ... | undefined; }'.
      Types of property 'minPurchase' are incompatible.
        Type 'number | null | undefined' is not assignable to type 'number | undefined'.
          Type 'null' is not assignable to type 'number | undefined'.
src/actions/admin.ts(323,50): error TS2339: Property '_id' does not exist on type 'never'.
src/components/shared/header.tsx(45,19): error TS2367: This comparison appears to be unintentional because the types 'UserRole | undefined' and '"admin"' have no overlap.
